mode: set
github.com/KaelDucatti/go-with-tests/go_fundamentals/hello_world/hello_world.go:11.49,12.38 1 1
github.com/KaelDucatti/go-with-tests/go_fundamentals/hello_world/hello_world.go:12.38,14.3 1 1
github.com/KaelDucatti/go-with-tests/go_fundamentals/hello_world/hello_world.go:15.2,15.16 1 1
github.com/KaelDucatti/go-with-tests/go_fundamentals/hello_world/hello_world.go:18.41,19.16 1 1
github.com/KaelDucatti/go-with-tests/go_fundamentals/hello_world/hello_world.go:19.16,21.3 1 1
github.com/KaelDucatti/go-with-tests/go_fundamentals/hello_world/hello_world.go:22.2,22.58 1 1
github.com/KaelDucatti/go-with-tests/go_fundamentals/integers/adder.go:7.41,8.15 1 1
github.com/KaelDucatti/go-with-tests/go_fundamentals/integers/adder.go:8.15,10.3 1 1
github.com/KaelDucatti/go-with-tests/go_fundamentals/integers/adder.go:11.2,11.15 1 1
github.com/KaelDucatti/go-with-tests/go_fundamentals/integers/adder.go:11.15,13.3 1 1
github.com/KaelDucatti/go-with-tests/go_fundamentals/integers/adder.go:15.2,15.25 1 1
github.com/KaelDucatti/go-with-tests/go_fundamentals/maps/dictionary.go:12.56,14.9 2 1
github.com/KaelDucatti/go-with-tests/go_fundamentals/maps/dictionary.go:14.9,16.3 1 1
github.com/KaelDucatti/go-with-tests/go_fundamentals/maps/dictionary.go:17.2,17.20 1 1
github.com/KaelDucatti/go-with-tests/go_fundamentals/maps/dictionary.go:20.50,21.15 1 1
github.com/KaelDucatti/go-with-tests/go_fundamentals/maps/dictionary.go:21.15,23.3 1 1
github.com/KaelDucatti/go-with-tests/go_fundamentals/maps/dictionary.go:24.2,25.12 2 1
github.com/KaelDucatti/go-with-tests/go_fundamentals/iteration/repeat.go:10.54,11.17 1 1
github.com/KaelDucatti/go-with-tests/go_fundamentals/iteration/repeat.go:11.17,13.3 1 1
github.com/KaelDucatti/go-with-tests/go_fundamentals/iteration/repeat.go:14.2,14.16 1 1
github.com/KaelDucatti/go-with-tests/go_fundamentals/iteration/repeat.go:14.16,16.3 1 1
github.com/KaelDucatti/go-with-tests/go_fundamentals/iteration/repeat.go:18.2,19.29 2 1
github.com/KaelDucatti/go-with-tests/go_fundamentals/iteration/repeat.go:19.29,21.3 1 1
github.com/KaelDucatti/go-with-tests/go_fundamentals/iteration/repeat.go:23.2,23.31 1 1
github.com/KaelDucatti/go-with-tests/go_fundamentals/pointers_and_errors/bitcoin.go:11.35,13.2 1 0
github.com/KaelDucatti/go-with-tests/go_fundamentals/pointers_and_errors/wallet.go:21.26,23.2 1 1
github.com/KaelDucatti/go-with-tests/go_fundamentals/pointers_and_errors/wallet.go:25.47,26.16 1 1
github.com/KaelDucatti/go-with-tests/go_fundamentals/pointers_and_errors/wallet.go:26.16,28.3 1 1
github.com/KaelDucatti/go-with-tests/go_fundamentals/pointers_and_errors/wallet.go:29.2,30.12 2 1
github.com/KaelDucatti/go-with-tests/go_fundamentals/pointers_and_errors/wallet.go:33.48,34.23 1 1
github.com/KaelDucatti/go-with-tests/go_fundamentals/pointers_and_errors/wallet.go:34.23,36.3 1 1
github.com/KaelDucatti/go-with-tests/go_fundamentals/pointers_and_errors/wallet.go:37.2,37.16 1 1
github.com/KaelDucatti/go-with-tests/go_fundamentals/pointers_and_errors/wallet.go:37.16,39.3 1 1
github.com/KaelDucatti/go-with-tests/go_fundamentals/pointers_and_errors/wallet.go:40.2,41.12 2 1
github.com/KaelDucatti/go-with-tests/go_fundamentals/pointers_and_errors/wallet.go:44.36,46.2 1 1
github.com/KaelDucatti/go-with-tests/go_fundamentals/structs_methods_interfaces/circle.go:9.49,10.17 1 1
github.com/KaelDucatti/go-with-tests/go_fundamentals/structs_methods_interfaces/circle.go:10.17,12.3 1 1
github.com/KaelDucatti/go-with-tests/go_fundamentals/structs_methods_interfaces/circle.go:14.2,14.37 1 1
github.com/KaelDucatti/go-with-tests/go_fundamentals/structs_methods_interfaces/circle.go:17.38,19.2 1 1
github.com/KaelDucatti/go-with-tests/go_fundamentals/structs_methods_interfaces/circle.go:21.33,23.2 1 1
github.com/KaelDucatti/go-with-tests/go_fundamentals/structs_methods_interfaces/rectangle.go:7.62,8.31 1 1
github.com/KaelDucatti/go-with-tests/go_fundamentals/structs_methods_interfaces/rectangle.go:8.31,10.3 1 1
github.com/KaelDucatti/go-with-tests/go_fundamentals/structs_methods_interfaces/rectangle.go:12.2,12.54 1 1
github.com/KaelDucatti/go-with-tests/go_fundamentals/structs_methods_interfaces/rectangle.go:15.41,17.2 1 1
github.com/KaelDucatti/go-with-tests/go_fundamentals/structs_methods_interfaces/rectangle.go:19.36,21.2 1 1
github.com/KaelDucatti/go-with-tests/go_fundamentals/structs_methods_interfaces/square.go:5.47,6.15 1 1
github.com/KaelDucatti/go-with-tests/go_fundamentals/structs_methods_interfaces/square.go:6.15,8.3 1 1
github.com/KaelDucatti/go-with-tests/go_fundamentals/structs_methods_interfaces/square.go:10.2,10.33 1 1
github.com/KaelDucatti/go-with-tests/go_fundamentals/structs_methods_interfaces/square.go:13.38,15.2 1 1
github.com/KaelDucatti/go-with-tests/go_fundamentals/structs_methods_interfaces/square.go:17.33,19.2 1 1
github.com/KaelDucatti/go-with-tests/main.go:10.13,12.2 1 0
github.com/KaelDucatti/go-with-tests/go_fundamentals/array_and_slices/sum.go:5.27,7.30 2 1
github.com/KaelDucatti/go-with-tests/go_fundamentals/array_and_slices/sum.go:7.30,9.3 1 1
github.com/KaelDucatti/go-with-tests/go_fundamentals/array_and_slices/sum.go:10.2,10.14 1 1
github.com/KaelDucatti/go-with-tests/go_fundamentals/array_and_slices/sum.go:13.45,14.22 1 1
github.com/KaelDucatti/go-with-tests/go_fundamentals/array_and_slices/sum.go:14.22,16.3 1 1
github.com/KaelDucatti/go-with-tests/go_fundamentals/array_and_slices/sum.go:18.2,19.31 2 1
github.com/KaelDucatti/go-with-tests/go_fundamentals/array_and_slices/sum.go:19.31,20.22 1 1
github.com/KaelDucatti/go-with-tests/go_fundamentals/array_and_slices/sum.go:20.22,22.4 1 1
github.com/KaelDucatti/go-with-tests/go_fundamentals/array_and_slices/sum.go:22.9,24.4 1 1
github.com/KaelDucatti/go-with-tests/go_fundamentals/array_and_slices/sum.go:27.2,27.20 1 1
github.com/KaelDucatti/go-with-tests/go_fundamentals/array_and_slices/sum.go:30.50,31.22 1 1
github.com/KaelDucatti/go-with-tests/go_fundamentals/array_and_slices/sum.go:31.22,33.3 1 1
github.com/KaelDucatti/go-with-tests/go_fundamentals/array_and_slices/sum.go:35.2,36.31 2 1
github.com/KaelDucatti/go-with-tests/go_fundamentals/array_and_slices/sum.go:36.31,37.22 1 1
github.com/KaelDucatti/go-with-tests/go_fundamentals/array_and_slices/sum.go:37.22,39.4 1 1
github.com/KaelDucatti/go-with-tests/go_fundamentals/array_and_slices/sum.go:39.9,42.4 2 1
github.com/KaelDucatti/go-with-tests/go_fundamentals/array_and_slices/sum.go:45.2,45.20 1 1
